../Core/Src/main.c:50:7:CalculateAltidude	1
../Core/Src/main.c:104:6:HAL_UART_RxCpltCallback	4
../Core/Src/main.c:147:5:main	4
../Core/Src/main.c:257:6:SystemClock_Config	3
../Core/Src/main.c:304:13:MX_I2C1_Init	2
../Core/Src/main.c:338:13:MX_I2C3_Init	2
../Core/Src/main.c:372:13:MX_TIM2_Init	9
../Core/Src/main.c:442:13:MX_TIM3_Init	9
../Core/Src/main.c:513:13:MX_TIM4_Init	9
../Core/Src/main.c:584:13:MX_TIM5_Init	9
../Core/Src/main.c:654:13:MX_USART2_UART_Init	2
../Core/Src/main.c:687:13:MX_GPIO_Init	1
../Core/Src/main.c:711:6:Error_Handler	1
